******************************************************************************
                  MSP430 Linker PC v4.4.3                      
******************************************************************************
>> Linked Sun Sep 20 14:18:35 2015

OUTPUT FILE NAME:   <Firmware.out>
ENTRY POINT SYMBOL: "_c_int00_noargs_noexit"  address: 0000c99c


MEMORY CONFIGURATION

         name            origin    length      used     unused   attr    fill
----------------------  --------  ---------  --------  --------  ----  --------
  SFR                   00000000   00000010  00000000  00000010  RWIX
  PERIPHERALS_8BIT      00000010   000000f0  00000000  000000f0  RWIX
  PERIPHERALS_16BIT     00000100   00000100  00000000  00000100  RWIX
  RAM                   00000200   00000200  0000005a  000001a6  RWIX
  INFOD                 00001000   00000040  00000000  00000040  RWIX
  INFOC                 00001040   00000040  00000000  00000040  RWIX
  INFOB                 00001080   00000040  00000000  00000040  RWIX
  INFOA                 000010c0   00000040  00000000  00000040  RWIX
  FLASH                 0000c000   00003fe0  00000a30  000035b0  RWIX
  INT00                 0000ffe0   00000002  00000002  00000000  RWIX
  INT01                 0000ffe2   00000002  00000000  00000002  RWIX
  INT02                 0000ffe4   00000002  00000002  00000000  RWIX
  INT03                 0000ffe6   00000002  00000002  00000000  RWIX
  INT04                 0000ffe8   00000002  00000000  00000002  RWIX
  INT05                 0000ffea   00000002  00000002  00000000  RWIX
  INT06                 0000ffec   00000002  00000002  00000000  RWIX
  INT07                 0000ffee   00000002  00000002  00000000  RWIX
  INT08                 0000fff0   00000002  00000002  00000000  RWIX
  INT09                 0000fff2   00000002  00000002  00000000  RWIX
  INT10                 0000fff4   00000002  00000002  00000000  RWIX
  INT11                 0000fff6   00000002  00000002  00000000  RWIX
  INT12                 0000fff8   00000002  00000002  00000000  RWIX
  INT13                 0000fffa   00000002  00000002  00000000  RWIX
  INT14                 0000fffc   00000002  00000002  00000000  RWIX
  RESET                 0000fffe   00000002  00000002  00000000  RWIX


SECTION ALLOCATION MAP

 output                                  attributes/
section   page    origin      length       input sections
--------  ----  ----------  ----------   ----------------
.bss       0    00000200    00000008     UNINITIALIZED
                  00000200    00000004     (.common:distin)
                  00000204    00000002     (.common:before)
                  00000206    00000002     (.common:distcycles)

.data      0    00000208    00000002     UNINITIALIZED
                  00000208    00000002     main.obj (.data)

.stack     0    000003b0    00000050     UNINITIALIZED
                  000003b0    00000002     rts430_eabi.lib : boot.obj (.stack)
                  000003b2    0000004e     --HOLE--

.text      0    0000c000    00000a18     
                  0000c000    000002f4     rts430_eabi.lib : frcmpyd.obj (.text:__TI_frcmpyd)
                  0000c2f4    0000026e                     : mpyd.obj (.text:__mspabi_mpyd)
                  0000c562    0000008c                     : cvtdf.obj (.text:__mspabi_cvtdf)
                  0000c5ee    00000080                     : fltuld.obj (.text:__mspabi_fltuld)
                  0000c66e    00000078     main.obj (.text:Timer_A)
                  0000c6e6    00000064     rts430_eabi.lib : copy_decompress_rle.obj (.text:__TI_decompress_rle_core)
                  0000c74a    0000005c                     : lsr32.obj (.text:l_lsr_const)
                  0000c7a6    00000058                     : autoinit.obj (.text:_auto_init)
                  0000c7fe    00000058     main.obj (.text:main)
                  0000c856    0000004c     rts430_eabi.lib : lsr16.obj (.text)
                  0000c8a2    0000003e                     : asr32.obj (.text:l_asr_const)
                  0000c8e0    0000003e                     : lsl32.obj (.text:l_lsl_const)
                  0000c91e    0000002c                     : asr16.obj (.text)
                  0000c94a    0000002c                     : lsl16.obj (.text)
                  0000c976    00000026                     : mult32.obj (.text)
                  0000c99c    0000001a                     : boot_special.obj (.text:_c_int00_noargs_noexit)
                  0000c9b6    00000014                     : copy_zero_init.obj (.text:decompress:ZI:__TI_zero_init)
                  0000c9ca    00000012                     : copy_decompress_none.obj (.text:decompress:none:__TI_decompress_none)
                  0000c9dc    00000012                     : memcpy.obj (.text:memcpy)
                  0000c9ee    00000010                     : epilog.obj (.text)
                  0000c9fe    00000006                     : fltud.obj (.text:__mspabi_fltud)
                  0000ca04    00000006                     : isr_trap.obj (.text:_isr:__TI_ISR_TRAP)
                  0000ca0a    00000006                     : copy_decompress_rle.obj (.text:decompress:rle24:__TI_decompress_rle24)
                  0000ca10    00000004                     : pre_init.obj (.text:_system_pre_init)
                  0000ca14    00000004                     : exit.obj (.text:abort)

.cinit     0    0000ca18    00000018     
                  0000ca18    00000006     (.cinit..data.load) [load image]
                  0000ca1e    00000006     (__TI_handler_table)
                  0000ca24    00000004     (.cinit..bss.load) [load image, compression = zero_init]
                  0000ca28    00000008     (__TI_cinit_table)

.init_array 
*          0    0000c000    00000000     UNINITIALIZED

.TI.persistent 
*          0    00000208    00000000     UNINITIALIZED

TRAPINT    0    0000ffe0    00000002     
                  0000ffe0    00000002     rts430_eabi.lib : int00.obj (.int00)

PORT1      0    0000ffe4    00000002     
                  0000ffe4    00000002     rts430_eabi.lib : int02.obj (.int02)

PORT2      0    0000ffe6    00000002     
                  0000ffe6    00000002     rts430_eabi.lib : int03.obj (.int03)

ADC10      0    0000ffea    00000002     
                  0000ffea    00000002     rts430_eabi.lib : int05.obj (.int05)

USCIAB0TX 
*          0    0000ffec    00000002     
                  0000ffec    00000002     rts430_eabi.lib : int06.obj (.int06)

USCIAB0RX 
*          0    0000ffee    00000002     
                  0000ffee    00000002     rts430_eabi.lib : int07.obj (.int07)

TIMER0_A1 
*          0    0000fff0    00000002     
                  0000fff0    00000002     rts430_eabi.lib : int08.obj (.int08)

TIMER0_A0 
*          0    0000fff2    00000002     
                  0000fff2    00000002     main.obj (.int09)

WDT        0    0000fff4    00000002     
                  0000fff4    00000002     rts430_eabi.lib : int10.obj (.int10)

COMPARATORA 
*          0    0000fff6    00000002     
                  0000fff6    00000002     rts430_eabi.lib : int11.obj (.int11)

TIMER1_A1 
*          0    0000fff8    00000002     
                  0000fff8    00000002     rts430_eabi.lib : int12.obj (.int12)

TIMER1_A0 
*          0    0000fffa    00000002     
                  0000fffa    00000002     rts430_eabi.lib : int13.obj (.int13)

NMI        0    0000fffc    00000002     
                  0000fffc    00000002     rts430_eabi.lib : int14.obj (.int14)

.reset     0    0000fffe    00000002     
                  0000fffe    00000002     rts430_eabi.lib : boot.obj (.reset)


LINKER GENERATED COPY TABLES

__TI_cinit_table @ 0000ca28 records: 2, size/record: 4, table size: 8
	.data: load addr=0000ca18, load size=00000006 bytes, run addr=00000208, run size=00000002 bytes, compression=copy
	.bss: load addr=0000ca24, load size=00000004 bytes, run addr=00000200, run size=00000008 bytes, compression=zero_init


LINKER GENERATED HANDLER TABLE

__TI_handler_table @ 0000ca1e records: 3, size/record: 2, table size: 6
	index: 0, handler: __TI_zero_init
	index: 1, handler: __TI_decompress_rle24
	index: 2, handler: __TI_decompress_none


GLOBAL SYMBOLS: SORTED ALPHABETICALLY BY Name 

address   name                    
-------   ----                    
0000004a  ADC10AE0                
000001b0  ADC10CTL0               
000001b2  ADC10CTL1               
00000048  ADC10DTC0               
00000049  ADC10DTC1               
000001b4  ADC10MEM                
000001bc  ADC10SA                 
00000057  BCSCTL1                 
00000058  BCSCTL2                 
00000053  BCSCTL3                 
0000ca14  C$$EXIT                 
00000059  CACTL1                  
0000005a  CACTL2                  
000010fb  CALBC1_12MHZ            
000010f9  CALBC1_16MHZ            
000010ff  CALBC1_1MHZ             
000010fd  CALBC1_8MHZ             
000010fa  CALDCO_12MHZ            
000010f8  CALDCO_16MHZ            
000010fe  CALDCO_1MHZ             
000010fc  CALDCO_8MHZ             
0000005b  CAPD                    
00000056  DCOCTL                  
00000128  FCTL1                   
0000012a  FCTL2                   
0000012c  FCTL3                   
00000000  IE1                     
00000001  IE2                     
00000002  IFG1                    
00000003  IFG2                    
00000022  P1DIR                   
00000025  P1IE                    
00000024  P1IES                   
00000023  P1IFG                   
00000020  P1IN                    
00000021  P1OUT                   
00000027  P1REN                   
00000026  P1SEL                   
00000041  P1SEL2                  
0000002a  P2DIR                   
0000002d  P2IE                    
0000002c  P2IES                   
0000002b  P2IFG                   
00000028  P2IN                    
00000029  P2OUT                   
0000002f  P2REN                   
0000002e  P2SEL                   
00000042  P2SEL2                  
0000001a  P3DIR                   
00000018  P3IN                    
00000019  P3OUT                   
00000010  P3REN                   
0000001b  P3SEL                   
00000043  P3SEL2                  
00000172  TA0CCR0                 
00000174  TA0CCR1                 
00000176  TA0CCR2                 
00000162  TA0CCTL0                
00000164  TA0CCTL1                
00000166  TA0CCTL2                
00000160  TA0CTL                  
0000012e  TA0IV                   
00000170  TA0R                    
00000192  TA1CCR0                 
00000194  TA1CCR1                 
00000196  TA1CCR2                 
00000182  TA1CCTL0                
00000184  TA1CCTL1                
00000186  TA1CCTL2                
00000180  TA1CTL                  
0000011e  TA1IV                   
00000190  TA1R                    
000010db  TLV_ADC10_1_LEN         
000010da  TLV_ADC10_1_TAG         
000010c0  TLV_CHECKSUM            
000010f7  TLV_DCO_30_LEN          
000010f6  TLV_DCO_30_TAG          
0000c66e  Timer_A                 
0000005d  UCA0ABCTL               
00000062  UCA0BR0                 
00000063  UCA0BR1                 
00000060  UCA0CTL0                
00000061  UCA0CTL1                
0000005f  UCA0IRRCTL              
0000005e  UCA0IRTCTL              
00000064  UCA0MCTL                
00000066  UCA0RXBUF               
00000065  UCA0STAT                
00000067  UCA0TXBUF               
0000006a  UCB0BR0                 
0000006b  UCB0BR1                 
00000068  UCB0CTL0                
00000069  UCB0CTL1                
0000006c  UCB0I2CIE               
00000118  UCB0I2COA               
0000011a  UCB0I2CSA               
0000006e  UCB0RXBUF               
0000006d  UCB0STAT                
0000006f  UCB0TXBUF               
00000120  WDTCTL                  
00000400  __STACK_END             
00000050  __STACK_SIZE            
0000ca28  __TI_CINIT_Base         
0000ca30  __TI_CINIT_Limit        
0000ca1e  __TI_Handler_Table_Base 
0000ca24  __TI_Handler_Table_Limit
UNDEFED   __TI_INITARRAY_Base     
UNDEFED   __TI_INITARRAY_Limit    
0000ca04  __TI_ISR_TRAP           
0000c9ca  __TI_decompress_none    
0000ca0a  __TI_decompress_rle24   
0000c000  __TI_frcmpyd            
0000ffe0  __TI_int00              
0000ffe4  __TI_int02              
0000ffe6  __TI_int03              
0000ffea  __TI_int05              
0000ffec  __TI_int06              
0000ffee  __TI_int07              
0000fff0  __TI_int08              
0000fff2  __TI_int09              
0000fff4  __TI_int10              
0000fff6  __TI_int11              
0000fff8  __TI_int12              
0000fffa  __TI_int13              
0000fffc  __TI_int14              
0000c9b6  __TI_zero_init          
ffffffff  __binit__               
ffffffff  __c_args__              
0000c562  __mspabi_cvtdf          
0000c9fe  __mspabi_fltud          
0000c5ee  __mspabi_fltuld         
0000c9fa  __mspabi_func_epilog_1  
0000c9f8  __mspabi_func_epilog_2  
0000c9f6  __mspabi_func_epilog_3  
0000c9f4  __mspabi_func_epilog_4  
0000c9f2  __mspabi_func_epilog_5  
0000c9f0  __mspabi_func_epilog_6  
0000c9ee  __mspabi_func_epilog_7  
0000c2f4  __mspabi_mpyd           
0000c976  __mspabi_mpyl           
0000c976  __mspabi_mpyl_sw        
0000c94a  __mspabi_slli           
0000c972  __mspabi_slli_1         
0000c960  __mspabi_slli_10        
0000c95e  __mspabi_slli_11        
0000c95c  __mspabi_slli_12        
0000c95a  __mspabi_slli_13        
0000c958  __mspabi_slli_14        
0000c956  __mspabi_slli_15        
0000c970  __mspabi_slli_2         
0000c96e  __mspabi_slli_3         
0000c96c  __mspabi_slli_4         
0000c96a  __mspabi_slli_5         
0000c968  __mspabi_slli_6         
0000c966  __mspabi_slli_7         
0000c964  __mspabi_slli_8         
0000c962  __mspabi_slli_9         
0000c918  __mspabi_slll_1         
0000c8f4  __mspabi_slll_10        
0000c8f0  __mspabi_slll_11        
0000c8ec  __mspabi_slll_12        
0000c8e8  __mspabi_slll_13        
0000c8e4  __mspabi_slll_14        
0000c8e0  __mspabi_slll_15        
0000c914  __mspabi_slll_2         
0000c910  __mspabi_slll_3         
0000c90c  __mspabi_slll_4         
0000c908  __mspabi_slll_5         
0000c904  __mspabi_slll_6         
0000c900  __mspabi_slll_7         
0000c8fc  __mspabi_slll_8         
0000c8f8  __mspabi_slll_9         
0000c91e  __mspabi_srai           
0000c946  __mspabi_srai_1         
0000c934  __mspabi_srai_10        
0000c932  __mspabi_srai_11        
0000c930  __mspabi_srai_12        
0000c92e  __mspabi_srai_13        
0000c92c  __mspabi_srai_14        
0000c92a  __mspabi_srai_15        
0000c944  __mspabi_srai_2         
0000c942  __mspabi_srai_3         
0000c940  __mspabi_srai_4         
0000c93e  __mspabi_srai_5         
0000c93c  __mspabi_srai_6         
0000c93a  __mspabi_srai_7         
0000c938  __mspabi_srai_8         
0000c936  __mspabi_srai_9         
0000c8da  __mspabi_sral_1         
0000c8b6  __mspabi_sral_10        
0000c8b2  __mspabi_sral_11        
0000c8ae  __mspabi_sral_12        
0000c8aa  __mspabi_sral_13        
0000c8a6  __mspabi_sral_14        
0000c8a2  __mspabi_sral_15        
0000c8d6  __mspabi_sral_2         
0000c8d2  __mspabi_sral_3         
0000c8ce  __mspabi_sral_4         
0000c8ca  __mspabi_sral_5         
0000c8c6  __mspabi_sral_6         
0000c8c2  __mspabi_sral_7         
0000c8be  __mspabi_sral_8         
0000c8ba  __mspabi_sral_9         
0000c856  __mspabi_srli           
0000c89c  __mspabi_srli_1         
0000c878  __mspabi_srli_10        
0000c874  __mspabi_srli_11        
0000c870  __mspabi_srli_12        
0000c86c  __mspabi_srli_13        
0000c868  __mspabi_srli_14        
0000c864  __mspabi_srli_15        
0000c898  __mspabi_srli_2         
0000c894  __mspabi_srli_3         
0000c890  __mspabi_srli_4         
0000c88c  __mspabi_srli_5         
0000c888  __mspabi_srli_6         
0000c884  __mspabi_srli_7         
0000c880  __mspabi_srli_8         
0000c87c  __mspabi_srli_9         
0000c79e  __mspabi_srll_1         
0000c768  __mspabi_srll_10        
0000c762  __mspabi_srll_11        
0000c75c  __mspabi_srll_12        
0000c756  __mspabi_srll_13        
0000c750  __mspabi_srll_14        
0000c74a  __mspabi_srll_15        
0000c798  __mspabi_srll_2         
0000c792  __mspabi_srll_3         
0000c78c  __mspabi_srll_4         
0000c786  __mspabi_srll_5         
0000c780  __mspabi_srll_6         
0000c77a  __mspabi_srll_7         
0000c774  __mspabi_srll_8         
0000c76e  __mspabi_srll_9         
0000c7a6  _auto_init              
0000c99c  _c_int00_noargs_noexit  
0000fffe  _reset_vector           
000003b0  _stack                  
0000ca10  _system_pre_init        
0000ca14  abort                   
00000204  before                  
ffffffff  binit                   
00000206  distcycles              
00000200  distin                  
0000c7fe  main                    
0000c9dc  memcpy                  
00000208  sonarcount              


GLOBAL SYMBOLS: SORTED BY Symbol Address 

address   name                    
-------   ----                    
00000000  IE1                     
00000001  IE2                     
00000002  IFG1                    
00000003  IFG2                    
00000010  P3REN                   
00000018  P3IN                    
00000019  P3OUT                   
0000001a  P3DIR                   
0000001b  P3SEL                   
00000020  P1IN                    
00000021  P1OUT                   
00000022  P1DIR                   
00000023  P1IFG                   
00000024  P1IES                   
00000025  P1IE                    
00000026  P1SEL                   
00000027  P1REN                   
00000028  P2IN                    
00000029  P2OUT                   
0000002a  P2DIR                   
0000002b  P2IFG                   
0000002c  P2IES                   
0000002d  P2IE                    
0000002e  P2SEL                   
0000002f  P2REN                   
00000041  P1SEL2                  
00000042  P2SEL2                  
00000043  P3SEL2                  
00000048  ADC10DTC0               
00000049  ADC10DTC1               
0000004a  ADC10AE0                
00000050  __STACK_SIZE            
00000053  BCSCTL3                 
00000056  DCOCTL                  
00000057  BCSCTL1                 
00000058  BCSCTL2                 
00000059  CACTL1                  
0000005a  CACTL2                  
0000005b  CAPD                    
0000005d  UCA0ABCTL               
0000005e  UCA0IRTCTL              
0000005f  UCA0IRRCTL              
00000060  UCA0CTL0                
00000061  UCA0CTL1                
00000062  UCA0BR0                 
00000063  UCA0BR1                 
00000064  UCA0MCTL                
00000065  UCA0STAT                
00000066  UCA0RXBUF               
00000067  UCA0TXBUF               
00000068  UCB0CTL0                
00000069  UCB0CTL1                
0000006a  UCB0BR0                 
0000006b  UCB0BR1                 
0000006c  UCB0I2CIE               
0000006d  UCB0STAT                
0000006e  UCB0RXBUF               
0000006f  UCB0TXBUF               
00000118  UCB0I2COA               
0000011a  UCB0I2CSA               
0000011e  TA1IV                   
00000120  WDTCTL                  
00000128  FCTL1                   
0000012a  FCTL2                   
0000012c  FCTL3                   
0000012e  TA0IV                   
00000160  TA0CTL                  
00000162  TA0CCTL0                
00000164  TA0CCTL1                
00000166  TA0CCTL2                
00000170  TA0R                    
00000172  TA0CCR0                 
00000174  TA0CCR1                 
00000176  TA0CCR2                 
00000180  TA1CTL                  
00000182  TA1CCTL0                
00000184  TA1CCTL1                
00000186  TA1CCTL2                
00000190  TA1R                    
00000192  TA1CCR0                 
00000194  TA1CCR1                 
00000196  TA1CCR2                 
000001b0  ADC10CTL0               
000001b2  ADC10CTL1               
000001b4  ADC10MEM                
000001bc  ADC10SA                 
00000200  distin                  
00000204  before                  
00000206  distcycles              
00000208  sonarcount              
000003b0  _stack                  
00000400  __STACK_END             
000010c0  TLV_CHECKSUM            
000010da  TLV_ADC10_1_TAG         
000010db  TLV_ADC10_1_LEN         
000010f6  TLV_DCO_30_TAG          
000010f7  TLV_DCO_30_LEN          
000010f8  CALDCO_16MHZ            
000010f9  CALBC1_16MHZ            
000010fa  CALDCO_12MHZ            
000010fb  CALBC1_12MHZ            
000010fc  CALDCO_8MHZ             
000010fd  CALBC1_8MHZ             
000010fe  CALDCO_1MHZ             
000010ff  CALBC1_1MHZ             
0000c000  __TI_frcmpyd            
0000c2f4  __mspabi_mpyd           
0000c562  __mspabi_cvtdf          
0000c5ee  __mspabi_fltuld         
0000c66e  Timer_A                 
0000c74a  __mspabi_srll_15        
0000c750  __mspabi_srll_14        
0000c756  __mspabi_srll_13        
0000c75c  __mspabi_srll_12        
0000c762  __mspabi_srll_11        
0000c768  __mspabi_srll_10        
0000c76e  __mspabi_srll_9         
0000c774  __mspabi_srll_8         
0000c77a  __mspabi_srll_7         
0000c780  __mspabi_srll_6         
0000c786  __mspabi_srll_5         
0000c78c  __mspabi_srll_4         
0000c792  __mspabi_srll_3         
0000c798  __mspabi_srll_2         
0000c79e  __mspabi_srll_1         
0000c7a6  _auto_init              
0000c7fe  main                    
0000c856  __mspabi_srli           
0000c864  __mspabi_srli_15        
0000c868  __mspabi_srli_14        
0000c86c  __mspabi_srli_13        
0000c870  __mspabi_srli_12        
0000c874  __mspabi_srli_11        
0000c878  __mspabi_srli_10        
0000c87c  __mspabi_srli_9         
0000c880  __mspabi_srli_8         
0000c884  __mspabi_srli_7         
0000c888  __mspabi_srli_6         
0000c88c  __mspabi_srli_5         
0000c890  __mspabi_srli_4         
0000c894  __mspabi_srli_3         
0000c898  __mspabi_srli_2         
0000c89c  __mspabi_srli_1         
0000c8a2  __mspabi_sral_15        
0000c8a6  __mspabi_sral_14        
0000c8aa  __mspabi_sral_13        
0000c8ae  __mspabi_sral_12        
0000c8b2  __mspabi_sral_11        
0000c8b6  __mspabi_sral_10        
0000c8ba  __mspabi_sral_9         
0000c8be  __mspabi_sral_8         
0000c8c2  __mspabi_sral_7         
0000c8c6  __mspabi_sral_6         
0000c8ca  __mspabi_sral_5         
0000c8ce  __mspabi_sral_4         
0000c8d2  __mspabi_sral_3         
0000c8d6  __mspabi_sral_2         
0000c8da  __mspabi_sral_1         
0000c8e0  __mspabi_slll_15        
0000c8e4  __mspabi_slll_14        
0000c8e8  __mspabi_slll_13        
0000c8ec  __mspabi_slll_12        
0000c8f0  __mspabi_slll_11        
0000c8f4  __mspabi_slll_10        
0000c8f8  __mspabi_slll_9         
0000c8fc  __mspabi_slll_8         
0000c900  __mspabi_slll_7         
0000c904  __mspabi_slll_6         
0000c908  __mspabi_slll_5         
0000c90c  __mspabi_slll_4         
0000c910  __mspabi_slll_3         
0000c914  __mspabi_slll_2         
0000c918  __mspabi_slll_1         
0000c91e  __mspabi_srai           
0000c92a  __mspabi_srai_15        
0000c92c  __mspabi_srai_14        
0000c92e  __mspabi_srai_13        
0000c930  __mspabi_srai_12        
0000c932  __mspabi_srai_11        
0000c934  __mspabi_srai_10        
0000c936  __mspabi_srai_9         
0000c938  __mspabi_srai_8         
0000c93a  __mspabi_srai_7         
0000c93c  __mspabi_srai_6         
0000c93e  __mspabi_srai_5         
0000c940  __mspabi_srai_4         
0000c942  __mspabi_srai_3         
0000c944  __mspabi_srai_2         
0000c946  __mspabi_srai_1         
0000c94a  __mspabi_slli           
0000c956  __mspabi_slli_15        
0000c958  __mspabi_slli_14        
0000c95a  __mspabi_slli_13        
0000c95c  __mspabi_slli_12        
0000c95e  __mspabi_slli_11        
0000c960  __mspabi_slli_10        
0000c962  __mspabi_slli_9         
0000c964  __mspabi_slli_8         
0000c966  __mspabi_slli_7         
0000c968  __mspabi_slli_6         
0000c96a  __mspabi_slli_5         
0000c96c  __mspabi_slli_4         
0000c96e  __mspabi_slli_3         
0000c970  __mspabi_slli_2         
0000c972  __mspabi_slli_1         
0000c976  __mspabi_mpyl           
0000c976  __mspabi_mpyl_sw        
0000c99c  _c_int00_noargs_noexit  
0000c9b6  __TI_zero_init          
0000c9ca  __TI_decompress_none    
0000c9dc  memcpy                  
0000c9ee  __mspabi_func_epilog_7  
0000c9f0  __mspabi_func_epilog_6  
0000c9f2  __mspabi_func_epilog_5  
0000c9f4  __mspabi_func_epilog_4  
0000c9f6  __mspabi_func_epilog_3  
0000c9f8  __mspabi_func_epilog_2  
0000c9fa  __mspabi_func_epilog_1  
0000c9fe  __mspabi_fltud          
0000ca04  __TI_ISR_TRAP           
0000ca0a  __TI_decompress_rle24   
0000ca10  _system_pre_init        
0000ca14  C$$EXIT                 
0000ca14  abort                   
0000ca1e  __TI_Handler_Table_Base 
0000ca24  __TI_Handler_Table_Limit
0000ca28  __TI_CINIT_Base         
0000ca30  __TI_CINIT_Limit        
0000ffe0  __TI_int00              
0000ffe4  __TI_int02              
0000ffe6  __TI_int03              
0000ffea  __TI_int05              
0000ffec  __TI_int06              
0000ffee  __TI_int07              
0000fff0  __TI_int08              
0000fff2  __TI_int09              
0000fff4  __TI_int10              
0000fff6  __TI_int11              
0000fff8  __TI_int12              
0000fffa  __TI_int13              
0000fffc  __TI_int14              
0000fffe  _reset_vector           
ffffffff  __binit__               
ffffffff  __c_args__              
ffffffff  binit                   
UNDEFED   __TI_INITARRAY_Base     
UNDEFED   __TI_INITARRAY_Limit    

[247 symbols]
